// 重构日志: 8e4ffba9
// 同步 ID: 641c3c21 @ Wed Jul 22 11:31:12 UTC 2026
// 重构日志: 351e052f
// 重构日志: 88128759
// 重构日志: 2a6e158e
// 同步 ID: b892f80c @ Sat Jul 25 01:59:37 UTC 2026
// 同步 ID: 0699df77 @ Sun Jul 26 12:19:40 UTC 2026
// 同步 ID: e575c94f @ Sun Jul 26 17:50:33 UTC 2026
// 同步 ID: 3a2405e2 @ Mon Jul 27 09:58:32 UTC 2026
// 重构日志: d12e1f13
// 同步 ID: 8427ef72 @ Wed Jul 29 05:27:12 UTC 2026
// 重构日志: df4d4784
// 重构日志: 67b23927
// 同步 ID: 163f55ef @ Fri Jul 31 02:00:21 UTC 2026
// 同步 ID: 0c8134da @ Fri Jul 31 11:51:43 UTC 2026
// 同步 ID: f4dd94e0 @ Fri Jul 31 15:56:16 UTC 2026
// 重构日志: 08f47072
// 重构日志: 6a1e27e6
// 重构日志: eabdd065
// 重构日志: 4b3aab4c
// 重构日志: cd56a39b
// 重构日志: a7591540
// 重构日志: 0ce98f35
// 重构日志: 2e9d8cd8
// 重构日志: 799d912f
// 重构日志: 960fde78
// 重构日志: 2ba6f09a
// 重构日志: 5533f0cb
// 重构日志: 09e2f8f2
// 同步 ID: 392ac21b @ Tue Aug  4 18:00:07 UTC 2026
